.next/dev/types/validator.ts(247,31): error TS2344: Type 'typeof import("C:/Users/Davin/Documents/Project/Planning/src/app/[lang]/(auth)/layout")' does not satisfy the constraint 'LayoutConfig<"/[lang]">'.
  Types of property 'default' are incompatible.
    Type '(props: { children: ReactNode; params: Promise<{ lang: "id" | "en"; }>; }) => Promise<Element>' is not assignable to type 'ComponentType<LayoutProps<"/[lang]">> | ((props: LayoutProps<"/[lang]">) => void | Promise<void> | ReactNode | Promise<...>)'.
      Type '(props: { children: ReactNode; params: Promise<{ lang: "id" | "en"; }>; }) => Promise<Element>' is not assignable to type 'FunctionComponent<LayoutProps<"/[lang]">>'.
        Types of parameters 'props' and 'props' are incompatible.
          Type 'LayoutProps<"/[lang]">' is not assignable to type '{ children: ReactNode; params: Promise<{ lang: "id" | "en"; }>; }'.
            Types of property 'params' are incompatible.
              Type 'Promise<{ lang: string; }>' is not assignable to type 'Promise<{ lang: "id" | "en"; }>'.
                Type '{ lang: string; }' is not assignable to type '{ lang: "id" | "en"; }'.
                  Types of property 'lang' are incompatible.
                    Type 'string' is not assignable to type '"id" | "en"'.
.next/dev/types/validator.ts(256,31): error TS2344: Type 'typeof import("C:/Users/Davin/Documents/Project/Planning/src/app/[lang]/(dashboard)/layout")' does not satisfy the constraint 'LayoutConfig<"/[lang]">'.
  Types of property 'default' are incompatible.
    Type '(props: { children: ReactNode; params: Promise<{ lang: "id" | "en"; }>; }) => Promise<Element>' is not assignable to type 'ComponentType<LayoutProps<"/[lang]">> | ((props: LayoutProps<"/[lang]">) => void | Promise<void> | ReactNode | Promise<...>)'.
      Type '(props: { children: ReactNode; params: Promise<{ lang: "id" | "en"; }>; }) => Promise<Element>' is not assignable to type 'FunctionComponent<LayoutProps<"/[lang]">>'.
        Types of parameters 'props' and 'props' are incompatible.
          Type 'LayoutProps<"/[lang]">' is not assignable to type '{ children: ReactNode; params: Promise<{ lang: "id" | "en"; }>; }'.
            Types of property 'params' are incompatible.
              Type 'Promise<{ lang: string; }>' is not assignable to type 'Promise<{ lang: "id" | "en"; }>'.
                Type '{ lang: string; }' is not assignable to type '{ lang: "id" | "en"; }'.
                  Types of property 'lang' are incompatible.
                    Type 'string' is not assignable to type '"id" | "en"'.
.next/dev/types/validator.ts(265,31): error TS2344: Type 'typeof import("C:/Users/Davin/Documents/Project/Planning/src/app/[lang]/layout")' does not satisfy the constraint 'LayoutConfig<"/[lang]">'.
  Types of property 'default' are incompatible.
    Type '(props: { children: ReactNode; params: Promise<{ lang: "id" | "en"; }>; }) => Promise<Element>' is not assignable to type 'ComponentType<LayoutProps<"/[lang]">> | ((props: LayoutProps<"/[lang]">) => void | Promise<void> | ReactNode | Promise<...>)'.
      Type '(props: { children: ReactNode; params: Promise<{ lang: "id" | "en"; }>; }) => Promise<Element>' is not assignable to type 'FunctionComponent<LayoutProps<"/[lang]">>'.
        Types of parameters 'props' and 'props' are incompatible.
          Type 'LayoutProps<"/[lang]">' is not assignable to type '{ children: ReactNode; params: Promise<{ lang: "id" | "en"; }>; }'.
            Types of property 'params' are incompatible.
              Type 'Promise<{ lang: string; }>' is not assignable to type 'Promise<{ lang: "id" | "en"; }>'.
                Type '{ lang: string; }' is not assignable to type '{ lang: "id" | "en"; }'.
                  Types of property 'lang' are incompatible.
                    Type 'string' is not assignable to type '"id" | "en"'.
.next/types/validator.ts(25,44): error TS2344: Type 'Route' does not satisfy the constraint '"/[lang]"'.
  Type '"/"' is not assignable to type '"/[lang]"'.
.next/types/validator.ts(25,75): error TS2344: Type 'Route' does not satisfy the constraint '"/[lang]"'.
  Type '"/"' is not assignable to type '"/[lang]"'.
.next/types/validator.ts(53,39): error TS2307: Cannot find module '../../src/app/(auth)/login/page.js' or its corresponding type declarations.
.next/types/validator.ts(62,39): error TS2307: Cannot find module '../../src/app/(auth)/register/page.js' or its corresponding type declarations.
.next/types/validator.ts(71,39): error TS2307: Cannot find module '../../src/app/page.js' or its corresponding type declarations.
.next/types/validator.ts(102,39): error TS2307: Cannot find module '../../src/app/layout.js' or its corresponding type declarations.
